# 1 2 3 4 5 6 7 8 9 10
A · · · · · · · · · ·
B · · · · · · · · · ·
C · · · · · · · · · ·
D · · · · · · · · · ·
E · · · · X · · · · ·
F · · · · X · · · · ·
G · · · · X · · · · ·
H · · · · X · · · · ·
I · · · · X · · · · ·
J · · · · · · · · · ·