# 1 2 3 4 5 6 7 8 9 10
A ~ ~ ~ ~ ~ ~ ~ ~ ~ ~
B ~ ~ ~ ~ ~ ~ ~ X ~ ~
C ~ X X X ~ ~ ~ X ~ ~
D ~ ~ ~ ~ ~ ~ ~ X ~ ~
E ~ ~ ~ X ~ ~ ~ X ~ ~
F ~ ~ ~ X ~ ~ ~ ~ ~ ~
G ~ ~ ~ ~ ~ ~ ~ ~ ~ ~
H ~ ~ ~ ~ ~ ~ ~ ~ ~ X
I ~ X X X X X ~ ~ ~ ~
J ~ ~ ~ ~ ~ ~ ~ ~ ~ ~