Turn: 26
# 1 2 3 4 5 6 7 8 9 10
A ~ · · · · · · · · ~
B · · · · · · X X X ·
C · · X · · · · · · ·
D · · X · · ~ ~ ~ · ·
E · · X · ~ ~ · ~ X ·
F · · X · · · · ~ · ·
G · · X · · · · · · ·
H · · · · X X X X · ·
I · X · · · · · · · ·
J ~ X · · · · · · · ~