Rules:
The objective of the game is discover where are the ships.
You must attack the ships and sink all of them to win.
To attack a ship you must insert a coordinate and pres enter.

Symbols:
Â· unknown, place not discovered.
~ water, you miss your shot.
/ hit, you hit one ship but it is not sink
X sink, you sink the ship.

Ships in the game:
Carrier, which has 5 holes
Battleship which has 4 holes
Cruiser, which has 3 holes
Destroyer, which has 2 holes
Submarine, which has 1 holes